13	30	1	17	7	126	1	228	0	keep		root: fail-shir	shir: normalise shell-outs (bashfree 394 -> 394, shellouts 404 -> 404)
13	30	1	17	7	126	1	228	0	keep	394/404	394/404	shir: normalise shell-outs (bashfree 394 -> 394, shellouts 404 -> 404)
15	31	1	17	7	126	1	228	0	noop	394/404	394/404	no dirty paths
14	32	1	17	7	126	1	228	0	noop	394/404	394/404	no dirty paths
10	33	1	17	7	126	1	228	0	noop	394/404	394/404	no dirty paths
8	34	1	17	7	126	1	228	0	noop	394/404	394/404	no dirty paths
8	35	1	17	7	126	1	228	0	noop	394/404	394/404	no dirty paths
9	36	1	17	7	126	1	228	0	noop	394/404	394/404	no dirty paths
13	37	1	17	7	126	1	228	0	noop	394/404	394/404	no dirty paths
18	38	1	17	7	126	1	228	0	noop	394/404	394/404	no dirty paths
19	39	1	17	7	126	1	228	0	noop	394/404	394/404	no dirty paths
27	40	1	17	7	126	1	228	0	keep	394/404	394/404	shir: normalise shell-outs (bashfree 394 -> 394, shellouts 404 -> 404)
25	41	1	17	7	126	1	228	0	keep	394/404	394/404	shir: normalise shell-outs (bashfree 394 -> 394, shellouts 404 -> 404)
24	42	1	17	7	126	1	228	0	keep	394/404	394/404	shir: normalise shell-outs (bashfree 394 -> 394, shellouts 404 -> 404)
27	43	1	17	7	126	1	228	0	keep	394/404	394/404	shir: normalise shell-outs (bashfree 394 -> 394, shellouts 404 -> 404)
27	44	1	17	7	126	1	228	0	keep	394/404	394/404	shir: normalise shell-outs (bashfree 394 -> 394, shellouts 404 -> 404)
29	45	1	17	7	126	1	228	0	keep	394/404	394/404	shir: normalise shell-outs (bashfree 394 -> 394, shellouts 404 -> 404)
59	46	1	17	7	126	1	228	0	keep	394/404	394/404	shir: normalise shell-outs (bashfree 394 -> 394, shellouts 404 -> 404)
9	48	1	17	7	126	1	228	0	noop	394/404	394/404	no dirty paths
11	49	1	17	7	126	1	228	0	noop	394/404	394/404	no dirty paths
18	50	1	17	7	126	1	228	0	noop	394/404	394/404	no dirty paths
20	51	1	17	7	126	1	228	0	noop	394/404	394/404	no dirty paths
37	52	1	17	7	126	1	228	0	noop	394/404	394/404	no dirty paths
53	53	1	17	7	126	1	228	0	noop	394/404	394/404	no dirty paths
3	55	1	17	7	126	1	228	0	noop	394/404	394/404	no dirty paths
33	56	1	17	7	126	1	228	0	outcome			shir-mechtest.rs rejected
56	33	2	17	7	126	1	228	0	no-transform	394/404		
57	37	2	17	7	126	1	228	0	no-transform	394/404		
45	38	2	17	7	126	1	228	0	no-transform	394/404		
30	39	2	17	7	126	1	228	0	no-transform	394/404		
17	40	2	17	7	126	1	228	0	no-transform	394/404		
2	41	2	17	7	126	1	228	0	no-transform	394/404		
52	41	2	17	7	126	1	228	0	no-transform	394/404		
43	42	2	17	7	126	1	228	0	no-transform	394/404		
27	43	2	17	7	126	1	228	0	no-transform	394/404		
17	44	2	17	7	126	1	228	0	no-transform	394/404		
2	45	2	17	7	126	1	228	0	no-transform	394/404		
47	45	2	17	7	126	1	228	0	no-transform	394/404		
34	46	2	17	7	126	1	228	0	no-transform	394/404		
24	47	2	17	7	126	1	228	0	no-transform	394/404		
11	48	2	17	7	126	1	228	0	no-transform	394/404		
1	49	2	17	7	126	1	228	0	no-transform	394/404		
48	49	2	17	7	126	1	228	0	no-transform	394/404		
37	50	2	17	7	126	1	228	0	no-transform	394/404		
29	51	2	17	7	126	1	228	0	no-transform	394/404		
25	52	2	17	7	126	1	228	0	no-transform	394/404		
16	53	2	17	7	126	1	228	0	no-transform	394/404		
7	54	2	17	7	126	1	228	0	no-transform	394/404		
59	54	2	17	7	126	1	228	0	no-transform	394/404		
45	55	2	17	7	126	1	228	0	no-transform	394/404		
33	56	2	17	7	126	1	228	0	no-transform	394/404		
24	57	2	17	7	126	1	228	0	no-transform	394/404		
11	58	2	17	7	126	1	228	0	no-transform	394/404		
1	59	2	17	7	126	1	228	0	no-transform	394/404		
48	59	2	17	7	126	1	228	0	no-transform	394/404		
34	0	3	17	7	126	1	228	0	no-transform	394/404		
25	1	3	17	7	126	1	228	0	no-transform	394/404		
13	2	3	17	7	126	1	228	0	no-transform	394/404		
57	2	3	17	7	126	1	228	0	no-transform	394/404		
41	3	3	17	7	126	1	228	0	no-transform	394/404		
30	4	3	17	7	126	1	228	0	no-transform	394/404		
15	5	3	17	7	126	1	228	0	no-transform	394/404		
0	6	3	17	7	126	1	228	0	no-transform	394/404		
49	6	3	17	7	126	1	228	0	no-transform	394/404		
36	7	3	17	7	126	1	228	0	no-transform	394/404		
23	8	3	17	7	126	1	228	0	no-transform	394/404		
12	9	3	17	7	126	1	228	0	no-transform	394/404		
0	10	3	17	7	126	1	228	0	no-transform	394/404		
45	10	3	17	7	126	1	228	0	no-transform	394/404		
34	11	3	17	7	126	1	228	0	no-transform	394/404		
19	12	3	17	7	126	1	228	0	no-transform	394/404		
13	13	3	17	7	126	1	228	0	no-transform	394/404		
59	13	3	17	7	126	1	228	0	no-transform	394/404		
45	14	3	17	7	126	1	228	0	no-transform	394/404		
34	15	3	17	7	126	1	228	0	no-transform	394/404		
18	16	3	17	7	126	1	228	0	no-transform	394/404		
4	17	3	17	7	126	1	228	0	no-transform	394/404		
53	17	3	17	7	126	1	228	0	no-transform	394/404		
42	18	3	17	7	126	1	228	0	no-transform	394/404		
29	19	3	17	7	126	1	228	0	no-transform	394/404		
16	20	3	17	7	126	1	228	0	no-transform	394/404		
3	21	3	17	7	126	1	228	0	no-transform	394/404		
50	21	3	17	7	126	1	228	0	no-transform	394/404		
38	22	3	17	7	126	1	228	0	no-transform	394/404		
25	23	3	17	7	126	1	228	0	no-transform	394/404		
12	24	3	17	7	126	1	228	0	no-transform	394/404		
58	24	3	17	7	126	1	228	0	no-transform	394/404		
42	25	3	17	7	126	1	228	0	no-transform	394/404		
27	26	3	17	7	126	1	228	0	no-transform	394/404		
14	27	3	17	7	126	1	228	0	no-transform	394/404		
1	28	3	17	7	126	1	228	0	no-transform	394/404		
52	28	3	17	7	126	1	228	0	no-transform	394/404		
37	29	3	17	7	126	1	228	0	no-transform	394/404		
30	30	3	17	7	126	1	228	0	no-transform	394/404		
19	31	3	17	7	126	1	228	0	no-transform	394/404		
10	32	3	17	7	126	1	228	0	no-transform	394/404		
56	32	3	17	7	126	1	228	0	no-transform	394/404		
43	33	3	17	7	126	1	228	0	no-transform	394/404		
33	34	3	17	7	126	1	228	0	no-transform	394/404		
19	35	3	17	7	126	1	228	0	no-transform	394/404		
6	36	3	17	7	126	1	228	0	no-transform	394/404		
55	36	3	17	7	126	1	228	0	no-transform	394/404		
42	37	3	17	7	126	1	228	0	no-transform	394/404		
29	38	3	17	7	126	1	228	0	no-transform	394/404		
15	39	3	17	7	126	1	228	0	no-transform	394/404		
4	40	3	17	7	126	1	228	0	no-transform	394/404		
50	40	3	17	7	126	1	228	0	no-transform	394/404		
37	41	3	17	7	126	1	228	0	no-transform	394/404		
25	42	3	17	7	126	1	228	0	no-transform	394/404		
10	43	3	17	7	126	1	228	0	no-transform	394/404		
58	43	3	17	7	126	1	228	0	no-transform	394/404		
48	44	3	17	7	126	1	228	0	no-transform	394/404		
34	45	3	17	7	126	1	228	0	no-transform	394/404		
22	46	3	17	7	126	1	228	0	no-transform	394/404		
10	47	3	17	7	126	1	228	0	no-transform	394/404		
52	47	3	17	7	126	1	228	0	no-transform	394/404		
39	48	3	17	7	126	1	228	0	no-transform	394/404		
29	49	3	17	7	126	1	228	0	no-transform	394/404		
14	50	3	17	7	126	1	228	0	no-transform	394/404		
1	51	3	17	7	126	1	228	0	no-transform	394/404		
51	51	3	17	7	126	1	228	0	no-transform	394/404		
36	52	3	17	7	126	1	228	0	no-transform	394/404		
21	53	3	17	7	126	1	228	0	no-transform	394/404		
8	54	3	17	7	126	1	228	0	no-transform	394/404		
52	54	3	17	7	126	1	228	0	no-transform	394/404		
36	55	3	17	7	126	1	228	0	no-transform	394/404		
20	56	3	17	7	126	1	228	0	no-transform	394/404		
7	57	3	17	7	126	1	228	0	no-transform	394/404		
52	57	3	17	7	126	1	228	0	no-transform	394/404		
36	58	3	17	7	126	1	228	0	no-transform	394/404		
25	59	3	17	7	126	1	228	0	no-transform	394/404		
9	0	4	17	7	126	1	228	0	no-transform	394/404		
51	0	4	17	7	126	1	228	0	no-transform	394/404		
34	1	4	17	7	126	1	228	0	no-transform	394/404		
22	2	4	17	7	126	1	228	0	no-transform	394/404		
6	3	4	17	7	126	1	228	0	no-transform	394/404		
51	3	4	17	7	126	1	228	0	no-transform	394/404		
39	4	4	17	7	126	1	228	0	no-transform	394/404		
23	5	4	17	7	126	1	228	0	no-transform	394/404		
8	6	4	17	7	126	1	228	0	no-transform	394/404		
53	6	4	17	7	126	1	228	0	no-transform	394/404		
41	7	4	17	7	126	1	228	0	no-transform	394/404		
25	8	4	17	7	126	1	228	0	no-transform	394/404		
11	9	4	17	7	126	1	228	0	no-transform	394/404		
58	9	4	17	7	126	1	228	0	no-transform	394/404		
43	10	4	17	7	126	1	228	0	no-transform	394/404		
28	11	4	17	7	126	1	228	0	no-transform	394/404		
13	12	4	17	7	126	1	228	0	no-transform	394/404		
0	13	4	17	7	126	1	228	0	no-transform	394/404		
44	13	4	17	7	126	1	228	0	no-transform	394/404		
30	14	4	17	7	126	1	228	0	no-transform	394/404		
18	15	4	17	7	126	1	228	0	no-transform	394/404		
4	16	4	17	7	126	1	228	0	no-transform	394/404		
53	16	4	17	7	126	1	228	0	no-transform	394/404		
42	17	4	17	7	126	1	228	0	no-transform	394/404		
26	18	4	17	7	126	1	228	0	no-transform	394/404		
10	19	4	17	7	126	1	228	0	no-transform	394/404		
55	19	4	17	7	126	1	228	0	no-transform	394/404		
42	20	4	17	7	126	1	228	0	no-transform	394/404		
26	21	4	17	7	126	1	228	0	no-transform	394/404		
16	22	4	17	7	126	1	228	0	no-transform	394/404		
2	23	4	17	7	126	1	228	0	no-transform	394/404		
47	23	4	17	7	126	1	228	0	no-transform	394/404		
35	24	4	17	7	126	1	228	0	no-transform	394/404		
21	25	4	17	7	126	1	228	0	no-transform	394/404		
7	26	4	17	7	126	1	228	0	no-transform	394/404		
51	26	4	17	7	126	1	228	0	no-transform	394/404		
35	27	4	17	7	126	1	228	0	no-transform	394/404		
21	28	4	17	7	126	1	228	0	no-transform	394/404		
5	29	4	17	7	126	1	228	0	no-transform	394/404		
49	29	4	17	7	126	1	228	0	no-transform	394/404		
35	30	4	17	7	126	1	228	0	no-transform	394/404		
18	31	4	17	7	126	1	228	0	no-transform	394/404		
5	32	4	17	7	126	1	228	0	no-transform	394/404		
49	32	4	17	7	126	1	228	0	no-transform	394/404		
35	33	4	17	7	126	1	228	0	no-transform	394/404		
19	34	4	17	7	126	1	228	0	no-transform	394/404		
3	35	4	17	7	126	1	228	0	no-transform	394/404		
50	35	4	17	7	126	1	228	0	no-transform	394/404		
34	36	4	17	7	126	1	228	0	no-transform	394/404		
15	37	4	17	7	126	1	228	0	no-transform	394/404		
59	37	4	17	7	126	1	228	0	no-transform	394/404		
45	38	4	17	7	126	1	228	0	no-transform	394/404		
28	39	4	17	7	126	1	228	0	no-transform	394/404		
12	40	4	17	7	126	1	228	0	no-transform	394/404		
56	40	4	17	7	126	1	228	0	no-transform	394/404		
38	41	4	17	7	126	1	228	0	no-transform	394/404		
22	42	4	17	7	126	1	228	0	no-transform	394/404		
4	43	4	17	7	126	1	228	0	no-transform	394/404		
49	43	4	17	7	126	1	228	0	no-transform	394/404		
33	44	4	17	7	126	1	228	0	no-transform	394/404		
16	45	4	17	7	126	1	228	0	no-transform	394/404		
0	46	4	17	7	126	1	228	0	no-transform	394/404		
48	46	4	17	7	126	1	228	0	no-transform	394/404		
32	47	4	17	7	126	1	228	0	no-transform	394/404		
16	48	4	17	7	126	1	228	0	no-transform	394/404		
3	49	4	17	7	126	1	228	0	no-transform	394/404		
48	49	4	17	7	126	1	228	0	no-transform	394/404		
32	50	4	17	7	126	1	228	0	no-transform	394/404		
17	51	4	17	7	126	1	228	0	no-transform	394/404		
3	52	4	17	7	126	1	228	0	no-transform	394/404		
47	52	4	17	7	126	1	228	0	no-transform	394/404		
30	53	4	17	7	126	1	228	0	no-transform	394/404		
17	54	4	17	7	126	1	228	0	no-transform	394/404		
2	55	4	17	7	126	1	228	0	no-transform	394/404		
47	55	4	17	7	126	1	228	0	no-transform	394/404		
30	56	4	17	7	126	1	228	0	no-transform	394/404		
15	57	4	17	7	126	1	228	0	no-transform	394/404		
57	57	4	17	7	126	1	228	0	no-transform	394/404		
41	58	4	17	7	126	1	228	0	no-transform	394/404		
24	59	4	17	7	126	1	228	0	no-transform	394/404		
9	0	5	17	7	126	1	228	0	no-transform	394/404		
54	0	5	17	7	126	1	228	0	no-transform	394/404		
38	1	5	17	7	126	1	228	0	no-transform	394/404		
25	2	5	17	7	126	1	228	0	no-transform	394/404		
8	3	5	17	7	126	1	228	0	no-transform	394/404		
55	3	5	17	7	126	1	228	0	no-transform	394/404		
38	4	5	17	7	126	1	228	0	no-transform	394/404		
24	5	5	17	7	126	1	228	0	no-transform	394/404		
7	6	5	17	7	126	1	228	0	no-transform	394/404		
51	6	5	17	7	126	1	228	0	no-transform	394/404		
36	7	5	17	7	126	1	228	0	no-transform	394/404		
23	8	5	17	7	126	1	228	0	no-transform	394/404		
7	9	5	17	7	126	1	228	0	no-transform	394/404		
51	9	5	17	7	126	1	228	0	no-transform	394/404		
34	10	5	17	7	126	1	228	0	no-transform	394/404		
22	11	5	17	7	126	1	228	0	no-transform	394/404		
9	12	5	17	7	126	1	228	0	no-transform	394/404		
54	12	5	17	7	126	1	228	0	no-transform	394/404		
43	13	5	17	7	126	1	228	0	no-transform	394/404		
28	14	5	17	7	126	1	228	0	no-transform	394/404		
14	15	5	17	7	126	1	228	0	no-transform	394/404		
0	16	5	17	7	126	1	228	0	no-transform	394/404		
45	16	5	17	7	126	1	228	0	no-transform	394/404		
31	17	5	17	7	126	1	228	0	no-transform	394/404		
17	18	5	17	7	126	1	228	0	no-transform	394/404		
0	19	5	17	7	126	1	228	0	no-transform	394/404		
44	19	5	17	7	126	1	228	0	no-transform	394/404		
28	20	5	17	7	126	1	228	0	no-transform	394/404		
16	21	5	17	7	126	1	228	0	no-transform	394/404		
1	22	5	17	7	126	1	228	0	no-transform	394/404		
46	22	5	17	7	126	1	228	0	no-transform	394/404		
36	23	5	17	7	126	1	228	0	no-transform	394/404		
21	24	5	17	7	126	1	228	0	no-transform	394/404		
4	25	5	17	7	126	1	228	0	no-transform	394/404		
48	25	5	17	7	126	1	228	0	no-transform	394/404		
35	26	5	17	7	126	1	228	0	no-transform	394/404		
18	27	5	17	7	126	1	228	0	no-transform	394/404		
3	28	5	17	7	126	1	228	0	no-transform	394/404		
47	28	5	17	7	126	1	228	0	no-transform	394/404		
33	29	5	17	7	126	1	228	0	no-transform	394/404		
16	30	5	17	7	126	1	228	0	no-transform	394/404		
0	31	5	17	7	126	1	228	0	no-transform	394/404		
44	31	5	17	7	126	1	228	0	no-transform	394/404		
30	32	5	17	7	126	1	228	0	no-transform	394/404		
16	33	5	17	7	126	1	228	0	no-transform	394/404		
0	34	5	17	7	126	1	228	0	no-transform	394/404		
45	34	5	17	7	126	1	228	0	no-transform	394/404		
33	35	5	17	7	126	1	228	0	no-transform	394/404		
16	36	5	17	7	126	1	228	0	no-transform	394/404		
59	36	5	17	7	126	1	228	0	no-transform	394/404		
43	37	5	17	7	126	1	228	0	no-transform	394/404		
30	38	5	17	7	126	1	228	0	no-transform	394/404		
18	39	5	17	7	126	1	228	0	no-transform	394/404		
3	40	5	17	7	126	1	228	0	no-transform	394/404		
50	40	5	17	7	126	1	228	0	no-transform	394/404		
34	41	5	17	7	126	1	228	0	no-transform	394/404		
18	42	5	17	7	126	1	228	0	no-transform	394/404		
3	43	5	17	7	126	1	228	0	no-transform	394/404		
50	43	5	17	7	126	1	228	0	no-transform	394/404		
34	44	5	17	7	126	1	228	0	no-transform	394/404		
18	45	5	17	7	126	1	228	0	no-transform	394/404		
5	46	5	17	7	126	1	228	0	no-transform	394/404		
48	46	5	17	7	126	1	228	0	no-transform	394/404		
32	47	5	17	7	126	1	228	0	no-transform	394/404		
18	48	5	17	7	126	1	228	0	no-transform	394/404		
5	49	5	17	7	126	1	228	0	no-transform	394/404		
50	49	5	17	7	126	1	228	0	no-transform	394/404		
35	50	5	17	7	126	1	228	0	no-transform	394/404		
20	51	5	17	7	126	1	228	0	no-transform	394/404		
3	52	5	17	7	126	1	228	0	no-transform	394/404		
51	52	5	17	7	126	1	228	0	no-transform	394/404		
38	53	5	17	7	126	1	228	0	no-transform	394/404		
24	54	5	17	7	126	1	228	0	no-transform	394/404		
13	55	5	17	7	126	1	228	0	no-transform	394/404		
4	56	5	17	7	126	1	228	0	no-transform	394/404		
50	56	5	17	7	126	1	228	0	no-transform	394/404		
38	57	5	17	7	126	1	228	0	no-transform	394/404		
24	58	5	17	7	126	1	228	0	no-transform	394/404		
9	59	5	17	7	126	1	228	0	no-transform	394/404		
58	59	5	17	7	126	1	228	0	no-transform	394/404		
43	0	6	17	7	126	1	228	0	no-transform	394/404		
28	1	6	17	7	126	1	228	0	no-transform	394/404		
16	2	6	17	7	126	1	228	0	no-transform	394/404		
1	3	6	17	7	126	1	228	0	no-transform	394/404		
46	3	6	17	7	126	1	228	0	no-transform	394/404		
34	4	6	17	7	126	1	228	0	no-transform	394/404		
20	5	6	17	7	126	1	228	0	no-transform	394/404		
5	6	6	17	7	126	1	228	0	no-transform	394/404		
56	6	6	17	7	126	1	228	0	no-transform	394/404		
45	7	6	17	7	126	1	228	0	no-transform	394/404		
31	8	6	17	7	126	1	228	0	no-transform	394/404		
21	9	6	17	7	126	1	228	0	no-transform	394/404		
7	10	6	17	7	126	1	228	0	no-transform	394/404		
51	10	6	17	7	126	1	228	0	no-transform	394/404		
35	11	6	17	7	126	1	228	0	no-transform	394/404		
23	12	6	17	7	126	1	228	0	no-transform	394/404		
6	13	6	17	7	126	1	228	0	no-transform	394/404		
44	45	6	17	7	126	1	228	0	no-transform	394/404		
24	46	6	17	7	126	1	228	0	outcome			shir-native-stmt.rs rejected
35	6	7	17	7	126	1	228	0	no-transform	451/185		
10	11	7	17	7	126	1	228	0	no-transform	451/185		
5	22	7	17	7	126	1	228	0	no-transform	451/185		
53	38	7	17	7	126	1	228	0	no-transform	451/185		
45	41	7	17	7	126	1	228	0	no-transform	450/201		
18	56	7	17	7	126	1	228	0	no-transform	450/201		
8	2	8	17	7	126	1	228	0	no-transform	493/85		
27	3	8	17	7	126	1	228	0	no-transform	493/85		
31	5	8	17	7	126	1	228	0	no-transform	493/85		
44	18	8	17	7	126	1	228	0	no-transform	493/85		
20	21	8	17	7	126	1	228	0	no-transform	493/85		
13	23	8	17	7	126	1	228	0	no-transform	493/85		
31	24	8	17	7	126	1	228	0	no-transform	493/85		
13	26	8	17	7	126	1	228	0	no-transform	493/85		
3	28	8	17	7	126	1	228	0	no-transform	493/85		
12	30	8	17	7	126	1	228	0	no-transform	493/85		
44	33	8	17	7	126	1	228	0	no-transform	493/85		
55	38	8	17	7	126	1	228	0	no-transform	493/85		
58	57	8	17	7	126	1	228	0	no-transform	493/85		
43	1	9	17	7	126	1	228	0	no-transform	493/85		
35	6	9	17	7	126	1	228	0	no-transform	493/85		
59	8	9	17	7	126	1	228	0	no-transform	493/85		
42	9	9	17	7	126	1	228	0	no-transform	493/85		
25	10	9	17	7	126	1	228	0	no-transform	493/85		
12	11	9	17	7	126	1	228	0	no-transform	493/85		
55	11	9	17	7	126	1	228	0	no-transform	493/85		
39	12	9	17	7	126	1	228	0	no-transform	493/85		
23	13	9	17	7	126	1	228	0	no-transform	493/85		
10	14	9	17	7	126	1	228	0	no-transform	493/85		
53	14	9	17	7	126	1	228	0	no-transform	493/85		
39	15	9	17	7	126	1	228	0	no-transform	493/85		
41	16	9	17	7	126	1	228	0	no-transform	493/85		
25	17	9	17	7	126	1	228	0	no-transform	493/85		
8	18	9	17	7	126	1	228	0	no-transform	493/85		
55	18	9	17	7	126	1	228	0	no-transform	493/85		
40	19	9	17	7	126	1	228	0	no-transform	493/85		
26	20	9	17	7	126	1	228	0	no-transform	493/85		
8	21	9	17	7	126	1	228	0	no-transform	493/85		
55	21	9	17	7	126	1	228	0	no-transform	493/85		
39	22	9	17	7	126	1	228	0	no-transform	493/85		
25	23	9	17	7	126	1	228	0	no-transform	493/85		
13	24	9	17	7	126	1	228	0	no-transform	493/85		
58	24	9	17	7	126	1	228	0	no-transform	493/85		
42	25	9	17	7	126	1	228	0	no-transform	493/85		
33	26	9	17	7	126	1	228	0	no-transform	493/85		
18	27	9	17	7	126	1	228	0	no-transform	493/85		
3	28	9	17	7	126	1	228	0	no-transform	493/85		
49	28	9	17	7	126	1	228	0	no-transform	493/85		
36	29	9	17	7	126	1	228	0	no-transform	493/85		
21	30	9	17	7	126	1	228	0	no-transform	493/85		
4	31	9	17	7	126	1	228	0	no-transform	493/85		
51	31	9	17	7	126	1	228	0	no-transform	493/85		
34	32	9	17	7	126	1	228	0	no-transform	493/85		
17	33	9	17	7	126	1	228	0	no-transform	493/85		
59	33	9	17	7	126	1	228	0	no-transform	493/85		
42	34	9	17	7	126	1	228	0	no-transform	493/85		
27	35	9	17	7	126	1	228	0	no-transform	493/85		
9	36	9	17	7	126	1	228	0	no-transform	493/85		
52	36	9	17	7	126	1	228	0	no-transform	493/85		
34	37	9	17	7	126	1	228	0	no-transform	493/85		
20	38	9	17	7	126	1	228	0	no-transform	493/85		
2	39	9	17	7	126	1	228	0	no-transform	493/85		
44	39	9	17	7	126	1	228	0	no-transform	493/85		
27	40	9	17	7	126	1	228	0	no-transform	493/85		
10	41	9	17	7	126	1	228	0	no-transform	493/85		
55	41	9	17	7	126	1	228	0	no-transform	493/85		
40	42	9	17	7	126	1	228	0	no-transform	493/85		
24	43	9	17	7	126	1	228	0	no-transform	493/85		
7	44	9	17	7	126	1	228	0	no-transform	493/85		
53	44	9	17	7	126	1	228	0	no-transform	493/85		
36	45	9	17	7	126	1	228	0	no-transform	493/85		
20	46	9	17	7	126	1	228	0	no-transform	493/85		
1	47	9	17	7	126	1	228	0	no-transform	493/85		
42	47	9	17	7	126	1	228	0	no-transform	493/85		
28	48	9	17	7	126	1	228	0	no-transform	493/85		
11	49	9	17	7	126	1	228	0	no-transform	493/85		
54	49	9	17	7	126	1	228	0	no-transform	493/85		
36	50	9	17	7	126	1	228	0	no-transform	493/85		
22	51	9	17	7	126	1	228	0	no-transform	493/85		
5	52	9	17	7	126	1	228	0	no-transform	493/85		
48	52	9	17	7	126	1	228	0	no-transform	493/85		
30	53	9	17	7	126	1	228	0	no-transform	493/85		
17	54	9	17	7	126	1	228	0	no-transform	493/85		
0	55	9	17	7	126	1	228	0	no-transform	493/85		
43	55	9	17	7	126	1	228	0	no-transform	493/85		
27	56	9	17	7	126	1	228	0	no-transform	493/85		
16	57	9	17	7	126	1	228	0	no-transform	493/85		
0	58	9	17	7	126	1	228	0	no-transform	493/85		
43	58	9	17	7	126	1	228	0	no-transform	493/85		
27	59	9	17	7	126	1	228	0	no-transform	493/85		
15	0	10	17	7	126	1	228	0	no-transform	493/85		
0	1	10	17	7	126	1	228	0	no-transform	493/85		
43	1	10	17	7	126	1	228	0	no-transform	493/85		
26	2	10	17	7	126	1	228	0	no-transform	493/85		
12	3	10	17	7	126	1	228	0	no-transform	493/85		
57	3	10	17	7	126	1	228	0	no-transform	493/85		
41	4	10	17	7	126	1	228	0	no-transform	493/85		
24	5	10	17	7	126	1	228	0	no-transform	493/85		
12	6	10	17	7	126	1	228	0	no-transform	493/85		
57	6	10	17	7	126	1	228	0	no-transform	493/85		
41	7	10	17	7	126	1	228	0	no-transform	493/85		
30	8	10	17	7	126	1	228	0	no-transform	493/85		
15	9	10	17	7	126	1	228	0	no-transform	493/85		
1	10	10	17	7	126	1	228	0	no-transform	493/85		
45	10	10	17	7	126	1	228	0	no-transform	493/85		
33	11	10	17	7	126	1	228	0	no-transform	493/85		
19	12	10	17	7	126	1	228	0	no-transform	493/85		
3	13	10	17	7	126	1	228	0	no-transform	493/85		
50	13	10	17	7	126	1	228	0	no-transform	493/85		
34	14	10	17	7	126	1	228	0	no-transform	493/85		
18	15	10	17	7	126	1	228	0	no-transform	493/85		
1	16	10	17	7	126	1	228	0	no-transform	493/85		
48	16	10	17	7	126	1	228	0	no-transform	493/85		
34	17	10	17	7	126	1	228	0	no-transform	493/85		
20	18	10	17	7	126	1	228	0	no-transform	493/85		
8	19	10	17	7	126	1	228	0	no-transform	493/85		
52	19	10	17	7	126	1	228	0	no-transform	493/85		
37	20	10	17	7	126	1	228	0	no-transform	493/85		
22	21	10	17	7	126	1	228	0	no-transform	493/85		
10	22	10	17	7	126	1	228	0	no-transform	493/85		
55	22	10	17	7	126	1	228	0	no-transform	493/85		
40	23	10	17	7	126	1	228	0	no-transform	493/85		
30	24	10	17	7	126	1	228	0	no-transform	493/85		
14	25	10	17	7	126	1	228	0	no-transform	493/85		
57	25	10	17	7	126	1	228	0	no-transform	493/85		
40	26	10	17	7	126	1	228	0	no-transform	493/85		
26	27	10	17	7	126	1	228	0	no-transform	493/85		
9	28	10	17	7	126	1	228	0	no-transform	493/85		
52	28	10	17	7	126	1	228	0	no-transform	493/85		
36	29	10	17	7	126	1	228	0	no-transform	493/85		
23	30	10	17	7	126	1	228	0	no-transform	493/85		
6	31	10	17	7	126	1	228	0	no-transform	493/85		
49	31	10	17	7	126	1	228	0	no-transform	493/85		
32	32	10	17	7	126	1	228	0	no-transform	493/85		
15	33	10	17	7	126	1	228	0	no-transform	493/85		
58	33	10	17	7	126	1	228	0	no-transform	493/85		
42	34	10	17	7	126	1	228	0	no-transform	493/85		
27	35	10	17	7	126	1	228	0	no-transform	493/85		
9	36	10	17	7	126	1	228	0	no-transform	493/85		
48	36	10	17	7	126	1	228	0	no-transform	493/85		
31	37	10	17	7	126	1	228	0	no-transform	493/85		
16	38	10	17	7	126	1	228	0	no-transform	493/85		
58	38	10	17	7	126	1	228	0	no-transform	493/85		
41	39	10	17	7	126	1	228	0	no-transform	493/85		
24	40	10	17	7	126	1	228	0	no-transform	493/85		
10	41	10	17	7	126	1	228	0	no-transform	493/85		
53	41	10	17	7	126	1	228	0	no-transform	493/85		
36	42	10	17	7	126	1	228	0	no-transform	493/85		
20	43	10	17	7	126	1	228	0	no-transform	493/85		
5	44	10	17	7	126	1	228	0	no-transform	493/85		
49	44	10	17	7	126	1	228	0	no-transform	493/85		
32	45	10	17	7	126	1	228	0	no-transform	493/85		
15	46	10	17	7	126	1	228	0	no-transform	493/85		
4	47	10	17	7	126	1	228	0	no-transform	493/85		
46	47	10	17	7	126	1	228	0	no-transform	493/85		
29	48	10	17	7	126	1	228	0	no-transform	493/85		
12	49	10	17	7	126	1	228	0	no-transform	493/85		
58	49	10	17	7	126	1	228	0	no-transform	493/85		
40	50	10	17	7	126	1	228	0	no-transform	493/85		
26	51	10	17	7	126	1	228	0	no-transform	493/85		
11	52	10	17	7	126	1	228	0	no-transform	493/85		
53	52	10	17	7	126	1	228	0	no-transform	493/85		
36	53	10	17	7	126	1	228	0	no-transform	493/85		
19	54	10	17	7	126	1	228	0	no-transform	493/85		
2	55	10	17	7	126	1	228	0	no-transform	493/85		
51	55	10	17	7	126	1	228	0	no-transform	493/85		
34	56	10	17	7	126	1	228	0	no-transform	493/85		
17	57	10	17	7	126	1	228	0	no-transform	493/85		
1	58	10	17	7	126	1	228	0	no-transform	493/85		
44	58	10	17	7	126	1	228	0	no-transform	493/85		
29	59	10	17	7	126	1	228	0	no-transform	493/85		
12	0	11	17	7	126	1	228	0	no-transform	493/85		
56	0	11	17	7	126	1	228	0	no-transform	493/85		
38	1	11	17	7	126	1	228	0	no-transform	493/85		
19	2	11	17	7	126	1	228	0	no-transform	493/85		
59	2	11	17	7	126	1	228	0	no-transform	493/85		
42	3	11	17	7	126	1	228	0	no-transform	493/85		
28	4	11	17	7	126	1	228	0	no-transform	493/85		
11	5	11	17	7	126	1	228	0	no-transform	493/85		
57	5	11	17	7	126	1	228	0	no-transform	493/85		
38	6	11	17	7	126	1	228	0	no-transform	493/85		
24	7	11	17	7	126	1	228	0	no-transform	493/85		
6	8	11	17	7	126	1	228	0	no-transform	493/85		
48	8	11	17	7	126	1	228	0	no-transform	493/85		
31	9	11	17	7	126	1	228	0	no-transform	493/85		
17	10	11	17	7	126	1	228	0	no-transform	493/85		
1	11	11	17	7	126	1	228	0	no-transform	493/85		
44	11	11	17	7	126	1	228	0	no-transform	493/85		
32	12	11	17	7	126	1	228	0	no-transform	493/85		
18	13	11	17	7	126	1	228	0	no-transform	493/85		
2	14	11	17	7	126	1	228	0	no-transform	493/85		
46	14	11	17	7	126	1	228	0	no-transform	493/85		
32	15	11	17	7	126	1	228	0	no-transform	493/85		
15	16	11	17	7	126	1	228	0	no-transform	493/85		
59	16	11	17	7	126	1	228	0	no-transform	493/85		
42	17	11	17	7	126	1	228	0	no-transform	493/85		
28	18	11	17	7	126	1	228	0	no-transform	493/85		
12	19	11	17	7	126	1	228	0	no-transform	493/85		
57	19	11	17	7	126	1	228	0	no-transform	493/85		
48	20	11	17	7	126	1	228	0	no-transform	493/85		
32	21	11	17	7	126	1	228	0	no-transform	493/85		
15	22	11	17	7	126	1	228	0	no-transform	493/85		
59	22	11	17	7	126	1	228	0	no-transform	493/85		
45	23	11	17	7	126	1	228	0	no-transform	493/85		
29	24	11	17	7	126	1	228	0	no-transform	493/85		
12	25	11	17	7	126	1	228	0	no-transform	493/85		
55	25	11	17	7	126	1	228	0	no-transform	493/85		
42	26	11	17	7	126	1	228	0	no-transform	493/85		
26	27	11	17	7	126	1	228	0	no-transform	493/85		
9	28	11	17	7	126	1	228	0	no-transform	493/85		
56	28	11	17	7	126	1	228	0	no-transform	493/85		
40	29	11	17	7	126	1	228	0	no-transform	493/85		
22	30	11	17	7	126	1	228	0	no-transform	493/85		
4	31	11	17	7	126	1	228	0	no-transform	493/85		
48	31	11	17	7	126	1	228	0	no-transform	493/85		
34	32	11	17	7	126	1	228	0	no-transform	493/85		
18	33	11	17	7	126	1	228	0	no-transform	493/85		
2	34	11	17	7	126	1	228	0	no-transform	493/85		
44	34	11	17	7	126	1	228	0	no-transform	493/85		
57	33	14	17	7	126	1	228	0	no-transform	408/326		
2	35	14	17	7	126	1	228	0	no-transform	408/326		
0	36	14	17	7	126	1	228	0	no-transform	408/326		
51	36	14	17	7	126	1	228	0	no-transform	408/326		
42	37	14	17	7	126	1	228	0	no-transform	408/326		
30	38	14	17	7	126	1	228	0	no-transform	408/326		
20	39	14	17	7	126	1	228	0	no-transform	408/326		
10	40	14	17	7	126	1	228	0	no-transform	408/326		
7	45	14	17	7	126	1	228	0	no-transform	408/326		
56	50	14	17	7	126	1	228	0	no-transform	408/326		
0	13	15	17	7	126	1	228	0	no-transform	408/326		
51	13	15	17	7	126	1	228	0	no-transform	408/326		
38	14	15	17	7	126	1	228	0	no-transform	408/326		
25	15	15	17	7	126	1	228	0	no-transform	408/326		
16	16	15	17	7	126	1	228	0	no-transform	408/326		
1	17	15	17	7	126	1	228	0	no-transform	408/326		
16	18	15	17	7	126	1	228	0	no-transform	408/326		
12	19	15	17	7	126	1	228	0	no-transform	408/326		
59	19	15	17	7	126	1	228	0	no-transform	408/326		
48	20	15	17	7	126	1	228	0	no-transform	408/326		
35	21	15	17	7	126	1	228	0	no-transform	408/326		
21	22	15	17	7	126	1	228	0	no-transform	408/326		
10	23	15	17	7	126	1	228	0	no-transform	408/326		
53	23	15	17	7	126	1	228	0	no-transform	408/326		
41	24	15	17	7	126	1	228	0	no-transform	408/326		
32	25	15	17	7	126	1	228	0	no-transform	408/326		
19	26	15	17	7	126	1	228	0	no-transform	408/326		
5	27	15	17	7	126	1	228	0	no-transform	408/326		
13	28	15	17	7	126	1	228	0	no-transform	408/326		
3	29	15	17	7	126	1	228	0	no-transform	408/326		
56	29	15	17	7	126	1	228	0	no-transform	408/326		
47	30	15	17	7	126	1	228	0	no-transform	408/326		
35	31	15	17	7	126	1	228	0	no-transform	408/326		
20	32	15	17	7	126	1	228	0	no-transform	408/326		
10	33	15	17	7	126	1	228	0	no-transform	408/326		
59	33	15	17	7	126	1	228	0	no-transform	408/326		
48	34	15	17	7	126	1	228	0	no-transform	408/326		
37	35	15	17	7	126	1	228	0	no-transform	408/326		
41	36	15	17	7	126	1	228	0	no-transform	408/326		
35	37	15	17	7	126	1	228	0	no-transform	408/326		
22	38	15	17	7	126	1	228	0	no-transform	408/326		
13	39	15	17	7	126	1	228	0	no-transform	408/326		
2	40	15	17	7	126	1	228	0	no-transform	408/326		
58	40	15	17	7	126	1	228	0	no-transform	408/326		
46	41	15	17	7	126	1	228	0	no-transform	408/326		
35	42	15	17	7	126	1	228	0	no-transform	408/326		
28	43	15	17	7	126	1	228	0	no-transform	408/326		
16	44	15	17	7	126	1	228	0	no-transform	408/326		
10	45	15	17	7	126	1	228	0	no-transform	408/326		
58	45	15	17	7	126	1	228	0	no-transform	408/326		
50	46	15	17	7	126	1	228	0	no-transform	408/326		
42	47	15	17	7	126	1	228	0	no-transform	408/326		
33	48	15	17	7	126	1	228	0	no-transform	408/326		
30	49	15	17	7	126	1	228	0	no-transform	408/326		
20	50	15	17	7	126	1	228	0	no-transform	408/326		
10	51	15	17	7	126	1	228	0	no-transform	408/326		
59	51	15	17	7	126	1	228	0	no-transform	408/326		
53	52	15	17	7	126	1	228	0	no-transform	408/326		
42	53	15	17	7	126	1	228	0	no-transform	408/326		
36	54	15	17	7	126	1	228	0	no-transform	408/326		
27	55	15	17	7	126	1	228	0	no-transform	408/326		
18	56	15	17	7	126	1	228	0	no-transform	408/326		
5	57	15	17	7	126	1	228	0	no-transform	408/326		
59	57	15	17	7	126	1	228	0	no-transform	408/326		
1	59	15	17	7	126	1	228	0	no-transform	408/326		
56	59	15	17	7	126	1	228	0	no-transform	408/326		
44	0	16	17	7	126	1	228	0	no-transform	408/326		
35	1	16	17	7	126	1	228	0	no-transform	408/326		
53	2	16	17	7	126	1	228	0	no-transform	408/326		
41	3	16	17	7	126	1	228	0	no-transform	408/326		
32	4	16	17	7	126	1	228	0	no-transform	408/326		
27	5	16	17	7	126	1	228	0	no-transform	408/326		
16	6	16	17	7	126	1	228	0	no-transform	408/326		
8	7	16	17	7	126	1	228	0	no-transform	408/326		
58	7	16	17	7	126	1	228	0	no-transform	408/326		
50	8	16	17	7	126	1	228	0	no-transform	408/326		
45	9	16	17	7	126	1	228	0	no-transform	408/326		
40	10	16	17	7	126	1	228	0	no-transform	408/326		
35	11	16	17	7	126	1	228	0	no-transform	408/326		
29	12	16	17	7	126	1	228	0	no-transform	408/326		
37	13	16	17	7	126	1	228	0	no-transform	408/326		
30	14	16	17	7	126	1	228	0	no-transform	408/326		
54	15	16	17	7	126	1	228	0	no-transform	408/326		
43	16	16	17	7	126	1	228	0	no-transform	408/326		
37	17	16	17	7	126	1	228	0	no-transform	408/326		
24	18	16	17	7	126	1	228	0	no-transform	408/326		
12	19	16	17	7	126	1	228	0	no-transform	408/326		
7	20	16	17	7	126	1	228	0	no-transform	408/326		
57	20	16	17	7	126	1	228	0	no-transform	408/326		
49	21	16	17	7	126	1	228	0	no-transform	408/326		
38	22	16	17	7	126	1	228	0	no-transform	408/326		
33	23	16	17	7	126	1	228	0	no-transform	408/326		
22	24	16	17	7	126	1	228	0	no-transform	408/326		
9	25	16	17	7	126	1	228	0	no-transform	408/326		
0	26	16	17	7	126	1	228	0	no-transform	408/326		
48	26	16	17	7	126	1	228	0	no-transform	408/326		
40	27	16	17	7	126	1	228	0	no-transform	408/326		
27	28	16	17	7	126	1	228	0	no-transform	408/326		
15	29	16	17	7	126	1	228	0	no-transform	408/326		
6	30	16	17	7	126	1	228	0	no-transform	408/326		
16	31	16	17	7	126	1	228	0	no-transform	408/326		
5	32	16	17	7	126	1	228	0	no-transform	408/326		
52	32	16	17	7	126	1	228	0	no-transform	408/326		
45	33	16	17	7	126	1	228	0	no-transform	408/326		
32	34	16	17	7	126	1	228	0	no-transform	408/326		
23	35	16	17	7	126	1	228	0	no-transform	408/326		
11	36	16	17	7	126	1	228	0	no-transform	408/326		
59	36	16	17	7	126	1	228	0	no-transform	408/326		
50	37	16	17	7	126	1	228	0	no-transform	408/326		
36	38	16	17	7	126	1	228	0	no-transform	408/326		
21	39	16	17	7	126	1	228	0	no-transform	408/326		
10	40	16	17	7	126	1	228	0	no-transform	408/326		
56	40	16	17	7	126	1	228	0	no-transform	408/326		
40	41	16	17	7	126	1	228	0	no-transform	408/326		
30	42	16	17	7	126	1	228	0	no-transform	408/326		
17	43	16	17	7	126	1	228	0	no-transform	408/326		
9	44	16	17	7	126	1	228	0	no-transform	408/326		
59	44	16	17	7	126	1	228	0	no-transform	408/326		
46	45	16	17	7	126	1	228	0	no-transform	408/326		
33	46	16	17	7	126	1	228	0	no-transform	408/326		
24	47	16	17	7	126	1	228	0	no-transform	408/326		
10	48	16	17	7	126	1	228	0	no-transform	408/326		
57	48	16	17	7	126	1	228	0	no-transform	408/326		
49	49	16	17	7	126	1	228	0	no-transform	408/326		
40	50	16	17	7	126	1	228	0	no-transform	408/326		
31	51	16	17	7	126	1	228	0	no-transform	408/326		
16	52	16	17	7	126	1	228	0	no-transform	408/326		
4	53	16	17	7	126	1	228	0	no-transform	408/326		
58	53	16	17	7	126	1	228	0	no-transform	408/326		
48	54	16	17	7	126	1	228	0	no-transform	408/326		
43	55	16	17	7	126	1	228	0	no-transform	408/326		
33	56	16	17	7	126	1	228	0	no-transform	408/326		
23	57	16	17	7	126	1	228	0	no-transform	408/326		
11	58	16	17	7	126	1	228	0	no-transform	408/326		
58	58	16	17	7	126	1	228	0	no-transform	408/326		
57	59	16	17	7	126	1	228	0	no-transform	408/326		
53	0	17	17	7	126	1	228	0	no-transform	408/326		
40	1	17	17	7	126	1	228	0	no-transform	408/326		
31	2	17	17	7	126	1	228	0	no-transform	408/326		
20	3	17	17	7	126	1	228	0	no-transform	408/326		
6	4	17	17	7	126	1	228	0	no-transform	408/326		
57	4	17	17	7	126	1	228	0	no-transform	408/326		
55	5	17	17	7	126	1	228	0	no-transform	408/326		
44	6	17	17	7	126	1	228	0	no-transform	408/326		
36	7	17	17	7	126	1	228	0	no-transform	408/326		
25	8	17	17	7	126	1	228	0	no-transform	408/326		
19	9	17	17	7	126	1	228	0	no-transform	408/326		
12	10	17	17	7	126	1	228	0	no-transform	408/326		
58	10	17	17	7	126	1	228	0	no-transform	408/326		
44	11	17	17	7	126	1	228	0	no-transform	408/326		
23	40	17	17	7	126	1	228	0	no-transform	408/326		
7	41	17	17	7	126	1	228	0	outcome			shir-native-shellouts.rs rejected
58	46	17	17	7	126	1	228	0	no-transform	408/326		
5	16	18	17	7	126	1	228	0	no-transform	408/326		
12	17	18	17	7	126	1	228	0	outcome			shir-native-twin.rs rejected
33	24	18	17	7	126	1	228	0	no-transform	408/326		
27	25	18	17	7	126	1	228	0	no-transform	408/326		
21	27	18	17	7	126	1	228	0	no-transform	408/326		
10	47	18	17	7	126	1	228	0	no-transform	408/326		
14	10	19	17	7	126	1	228	0	reject-local	408/326		shir-cat-heredoc.rs
0	11	19	17	7	126	1	228	0	outcome			shir-cat-heredoc.rs rejected
2	30	19	17	7	126	1	228	0	no-transform	418/311		
16	40	19	17	7	126	1	228	0	no-transform	418/311		
20	51	19	17	7	126	1	228	0	no-transform	408/326		
24	2	20	17	7	126	1	228	0	no-transform	408/326		
36	6	20	17	7	126	1	228	0	no-transform	408/326		
8	15	20	17	7	126	1	228	0	no-transform	408/326		
58	48	20	17	7	126	1	228	0	no-transform	408/326		
44	52	20	17	7	126	1	228	0	no-transform	408/326		
49	22	21	17	7	126	1	228	0	reject-local	408/326		shir-control-if.rs
32	23	21	17	7	126	1	228	0	outcome			shir-control-if.rs rejected
42	26	21	17	7	126	1	228	0	no-transform	408/326		
33	40	21	17	7	126	1	228	0	no-transform	408/326		
6	14	22	17	7	126	1	228	0	reject-local	418/311		shir-pipe-forms.rs
1	15	22	17	7	126	1	228	0	outcome			shir-pipe-forms.rs rejected
56	20	22	17	7	126	1	228	0	no-transform	418/311		
43	22	22	17	7	126	1	228	0	no-transform	408/326		
12	24	22	17	7	126	1	228	0	no-transform	408/326		
22	37	22	17	7	126	1	228	0	no-transform	408/326		
16	2	23	17	7	126	1	228	0	reject-local	408/326		shir-pipeline-native.rs
16	3	23	17	7	126	1	228	0	outcome			shir-pipeline-native.rs rejected
2	6	23	17	7	126	1	228	0	no-transform	412/304		
2	9	23	17	7	126	1	228	0	no-transform	412/304		
0	23	23	17	7	126	1	228	0	no-transform	412/304		
