Sun Aug 16 16:59:59 AWST 2026 rotate: done (0 rotated)
Sun Aug 16 17:00:37 AWST 2026 rotate: done (0 rotated)
Sun Aug 16 17:01:37 AWST 2026 rotated loop-rotation-test.log (22)
Sun Aug 16 17:01:40 AWST 2026 rotate: done (1 rotated)
Mon Aug 17 03:17:18 AWST 2026 rotate: done (0 rotated)
Wed Aug 19 03:17:09 AWST 2026 rotated loop-backend-perl.log (234M)
Wed Aug 19 03:17:33 AWST 2026 rotated loop-frontend-c-sh-go.log (1.9G)
Wed Aug 19 03:17:57 AWST 2026 rotate: done (2 rotated)
Thu Aug 20 03:17:32 AWST 2026 rotate: done (0 rotated)
Fri Aug 21 03:17:32 AWST 2026 rotate: done (0 rotated)
Sun Aug 23 03:17:33 AWST 2026 rotate: done (0 rotated)
Mon Aug 24 03:17:30 AWST 2026 rotate: done (0 rotated)
Tue Aug 25 03:17:02 AWST 2026 rotated loop-backend-go.log (366K)
Tue Aug 25 03:17:02 AWST 2026 rotated loop-backend-java.log (382K)
Tue Aug 25 03:17:02 AWST 2026 rotated loop-backend-js.log (1.1M)
Tue Aug 25 03:17:02 AWST 2026 rotated loop-backend-sh.log (564K)
Tue Aug 25 03:17:02 AWST 2026 rotated loop-backend-zig.log (364K)
Tue Aug 25 03:17:04 AWST 2026 rotated loop-core-worker.log (123M)
Tue Aug 25 03:17:05 AWST 2026 rotated loop-estree.log (7.8M)
Tue Aug 25 03:17:05 AWST 2026 rotated loop-frontend-cpp-sh-go.log (3.2M)
Tue Aug 25 03:17:05 AWST 2026 rotated loop-frontend-fish-sh-go.log (128K)
Tue Aug 25 03:17:05 AWST 2026 rotated loop-frontend-go-sh.log (52M)
Tue Aug 25 03:17:05 AWST 2026 rotated loop-frontend-or-backend-c.log (784)
Tue Aug 25 03:17:05 AWST 2026 rotated loop-frontend-or-backend-perl.log (624)
Tue Aug 25 03:17:05 AWST 2026 rotated loop-frontend-or-backend-rust.log (624)
Tue Aug 25 03:17:05 AWST 2026 rotated loop-frontend-perl-sh-go.log (586K)
Tue Aug 25 03:17:05 AWST 2026 rotated loop-frontend-py-sh-go.log (127K)
Tue Aug 25 03:17:07 AWST 2026 rotated loop-frontend-zsh-sh-go.log (81M)
Tue Aug 25 03:17:08 AWST 2026 rotated loop-go-idiom-worker.log (91M)
Tue Aug 25 03:17:08 AWST 2026 rotated loop-janitor-worker.log (25M)
Tue Aug 25 03:17:09 AWST 2026 rotated loop-shir.log (19M)
Tue Aug 25 03:17:09 AWST 2026 rotated loop-triage-worker.log (12M)
Tue Aug 25 03:17:37 AWST 2026 rotate: done (20 rotated)
